../Core/Src/../../ECU/Inc/DWT_Delay.h:32:22:DWT_Delay_ms	24	static
../Core/Src/main.c:34:5:main	8	static
../Core/Src/main.c:78:6:HAL_TIM_PeriodElapsedCallback	16	static
../Core/Src/main.c:86:6:HAL_ADC_ConvCpltCallback	16	static
../Core/Src/main.c:94:6:SystemClock_Config	88	static
../Core/Src/main.c:141:13:MX_ADC1_Init	24	static
../Core/Src/main.c:184:13:MX_TIM2_Init	32	static
../Core/Src/main.c:227:13:MX_DMA_Init	16	static
../Core/Src/main.c:245:13:MX_GPIO_Init	40	static
../Core/Src/main.c:291:6:Error_Handler	4	static,ignoring_inline_asm
