../ECU/Src/../../ECU/Inc/DWT_Delay.h:23:22:DWT_Delay_us	24	static
../ECU/Src/../../ECU/Inc/DWT_Delay.h:32:22:DWT_Delay_ms	24	static
../ECU/Src/LCD16x2.c:17:6:LCD_DATA	16	static
../ECU/Src/LCD16x2.c:36:6:LCD_CMD	16	static
../ECU/Src/LCD16x2.c:53:6:LCD_WriteChar	24	static
../ECU/Src/LCD16x2.c:81:6:LCD_Clear	8	static
../ECU/Src/LCD16x2.c:89:6:LCD_SetCursor	24	static
../ECU/Src/LCD16x2.c:110:6:LCD_Init	40	static
../ECU/Src/LCD16x2.c:168:6:LCD_WriteString	24	static
../ECU/Src/LCD16x2.c:174:6:LCD_ShiftLeft	8	static
../ECU/Src/LCD16x2.c:180:6:LCD_ShiftRight	8	static
